// Vitest Snapshot v1, https://vitest.dev/guide/snapshot.html

exports[`Java WASM mapper snapshots > maps generic Java definitions 1`] = `
{
  "detailLevel": "full",
  "imports": [
    "package com.example.generic;",
    "import java.util.ArrayList;",
    "import java.util.List;",
    "import java.util.Optional;",
  ],
  "language": "Java",
  "path": "wasm-java-generic.java",
  "symbols": [
    {
      "children": [
        {
          "endLine": 8,
          "isExported": false,
          "kind": "property",
          "modifiers": [
            "private",
          ],
          "name": "value",
          "signature": "value",
          "startLine": 8,
        },
        {
          "endLine": 12,
          "isExported": true,
          "kind": "method",
          "modifiers": [
            "public",
          ],
          "name": "Box",
          "signature": "public Box(T value)",
          "startLine": 10,
        },
        {
          "endLine": 16,
          "isExported": true,
          "kind": "method",
          "modifiers": [
            "public",
          ],
          "name": "get",
          "signature": "public T get()",
          "startLine": 14,
        },
        {
          "endLine": 20,
          "isExported": true,
          "kind": "method",
          "modifiers": [
            "public",
          ],
          "name": "map",
          "signature": "public <R> Box<R> map(java.util.function.Function<T, R> fn)",
          "startLine": 18,
        },
      ],
      "endLine": 21,
      "isExported": true,
      "kind": "class",
      "modifiers": [
        "public",
      ],
      "name": "Box",
      "signature": "public class Box<T>",
      "startLine": 7,
    },
    {
      "children": [
        {
          "endLine": 24,
          "isExported": false,
          "kind": "method",
          "name": "find",
          "signature": "Optional<V> find(K key)",
          "startLine": 24,
        },
        {
          "endLine": 26,
          "isExported": false,
          "kind": "method",
          "name": "save",
          "signature": "void save(K key, V value)",
          "startLine": 26,
        },
        {
          "endLine": 28,
          "isExported": false,
          "kind": "method",
          "name": "projectAll",
          "signature": "<R> List<R> projectAll(java.util.function.Function<V, R> fn)",
          "startLine": 28,
        },
      ],
      "endLine": 29,
      "isExported": false,
      "kind": "interface",
      "name": "Repository",
      "signature": "interface Repository<K, V extends Comparable<V>>",
      "startLine": 23,
    },
    {
      "children": [
        {
          "endLine": 34,
          "isExported": true,
          "kind": "method",
          "modifiers": [
            "public",
          ],
          "name": "withSecond",
          "signature": "public <C> Pair<A, C> withSecond(C value)",
          "startLine": 32,
        },
      ],
      "endLine": 35,
      "isExported": false,
      "kind": "class",
      "name": "Pair",
      "signature": "record Pair<A, B>(A first, B second)",
      "startLine": 31,
    },
    {
      "children": [
        {
          "endLine": 38,
          "isExported": false,
          "kind": "property",
          "modifiers": [
            "private",
            "final",
          ],
          "name": "items",
          "signature": "items = new ArrayList<>()",
          "startLine": 38,
        },
        {
          "endLine": 42,
          "isExported": true,
          "kind": "method",
          "modifiers": [
            "public",
          ],
          "name": "add",
          "signature": "public void add(T item)",
          "startLine": 40,
        },
        {
          "endLine": 52,
          "isExported": true,
          "kind": "method",
          "modifiers": [
            "public",
          ],
          "name": "max",
          "signature": "public T max()",
          "startLine": 44,
        },
      ],
      "endLine": 53,
      "isExported": false,
      "kind": "class",
      "name": "Container",
      "signature": "class Container<T extends Number & Comparable<T>>",
      "startLine": 37,
    },
  ],
  "totalBytes": 1078,
  "totalLines": 54,
}
`;

exports[`Java WASM mapper snapshots > maps nested Java definitions 1`] = `
{
  "detailLevel": "full",
  "imports": [
    "package com.example.nested;",
    "import java.util.ArrayList;",
    "import java.util.List;",
  ],
  "language": "Java",
  "path": "wasm-java-nested.java",
  "symbols": [
    {
      "children": [
        {
          "endLine": 7,
          "isExported": false,
          "kind": "property",
          "modifiers": [
            "private",
            "static",
          ],
          "name": "instanceCount",
          "signature": "instanceCount",
          "startLine": 7,
        },
        {
          "endLine": 11,
          "isExported": false,
          "kind": "method",
          "name": "<clinit>",
          "signature": "static { instanceCount = 0; }",
          "startLine": 9,
        },
        {
          "endLine": 13,
          "isExported": false,
          "kind": "property",
          "modifiers": [
            "private",
            "final",
          ],
          "name": "children",
          "signature": "children = new ArrayList<>()",
          "startLine": 13,
        },
        {
          "endLine": 17,
          "isExported": true,
          "kind": "method",
          "modifiers": [
            "public",
          ],
          "name": "Outer",
          "signature": "public Outer()",
          "startLine": 15,
        },
        {
          "endLine": 23,
          "isExported": true,
          "kind": "method",
          "modifiers": [
            "public",
          ],
          "name": "createChild",
          "signature": "public Inner createChild(String name)",
          "startLine": 19,
        },
        {
          "endLine": 27,
          "isExported": true,
          "kind": "method",
          "modifiers": [
            "public",
            "static",
          ],
          "name": "instanceCount",
          "signature": "public static int instanceCount()",
          "startLine": 25,
        },
        {
          "children": [
            {
              "endLine": 30,
              "isExported": false,
              "kind": "property",
              "modifiers": [
                "private",
                "final",
              ],
              "name": "name",
              "signature": "name",
              "startLine": 30,
            },
            {
              "endLine": 34,
              "isExported": true,
              "kind": "method",
              "modifiers": [
                "public",
              ],
              "name": "Inner",
              "signature": "public Inner(String name)",
              "startLine": 32,
            },
            {
              "endLine": 38,
              "isExported": true,
              "kind": "method",
              "modifiers": [
                "public",
              ],
              "name": "getName",
              "signature": "public String getName()",
              "startLine": 36,
            },
            {
              "endLine": 40,
              "isExported": true,
              "kind": "class",
              "modifiers": [
                "public",
              ],
              "name": "Coord",
              "signature": "public record Coord(int x, int y)",
              "startLine": 40,
            },
          ],
          "endLine": 41,
          "isExported": true,
          "kind": "class",
          "modifiers": [
            "public",
            "static",
          ],
          "name": "Inner",
          "signature": "public static class Inner",
          "startLine": 29,
        },
        {
          "children": [
            {
              "endLine": 44,
              "isExported": false,
              "kind": "method",
              "name": "onEvent",
              "signature": "void onEvent(String event)",
              "startLine": 44,
            },
          ],
          "endLine": 45,
          "isExported": true,
          "kind": "interface",
          "modifiers": [
            "public",
          ],
          "name": "Listener",
          "signature": "public interface Listener",
          "startLine": 43,
        },
        {
          "children": [
            {
              "endLine": 48,
              "isExported": false,
              "kind": "constant",
              "name": "FAST",
              "signature": "FAST",
              "startLine": 48,
            },
            {
              "endLine": 49,
              "isExported": false,
              "kind": "constant",
              "name": "SLOW",
              "signature": "SLOW",
              "startLine": 49,
            },
            {
              "endLine": 53,
              "isExported": true,
              "kind": "method",
              "modifiers": [
                "public",
              ],
              "name": "isFast",
              "signature": "public boolean isFast()",
              "startLine": 51,
            },
          ],
          "endLine": 54,
          "isExported": true,
          "kind": "enum",
          "modifiers": [
            "public",
          ],
          "name": "Mode",
          "signature": "public enum Mode",
          "startLine": 47,
        },
      ],
      "endLine": 55,
      "isExported": true,
      "kind": "class",
      "modifiers": [
        "public",
      ],
      "name": "Outer",
      "signature": "public class Outer",
      "startLine": 6,
    },
  ],
  "totalBytes": 999,
  "totalLines": 56,
}
`;

exports[`Java WASM mapper snapshots > maps representative Java definitions 1`] = `
{
  "detailLevel": "full",
  "imports": [
    "package com.example.users;",
    "import java.time.Instant;",
    "import java.util.ArrayList;",
    "import java.util.HashMap;",
    "import java.util.List;",
    "import java.util.Map;",
    "import java.util.Objects;",
    "import java.util.Optional;",
    "import java.util.concurrent.atomic.AtomicLong;",
  ],
  "language": "Java",
  "path": "wasm-java-representative.java",
  "symbols": [
    {
      "children": [
        {
          "endLine": 13,
          "isExported": false,
          "kind": "constant",
          "modifiers": [
            "private",
            "static",
            "final",
          ],
          "name": "DEFAULT_ROLE",
          "signature": "DEFAULT_ROLE = "member"",
          "startLine": 13,
        },
        {
          "endLine": 14,
          "isExported": false,
          "kind": "constant",
          "modifiers": [
            "private",
            "static",
            "final",
          ],
          "name": "MAX_PAGE_SIZE",
          "signature": "MAX_PAGE_SIZE = 100",
          "startLine": 14,
        },
        {
          "endLine": 16,
          "isExported": false,
          "kind": "property",
          "modifiers": [
            "private",
            "final",
          ],
          "name": "service",
          "signature": "service",
          "startLine": 16,
        },
        {
          "endLine": 20,
          "isExported": true,
          "kind": "method",
          "modifiers": [
            "public",
          ],
          "name": "UserController",
          "signature": "public UserController(UserService service)",
          "startLine": 18,
        },
        {
          "endLine": 29,
          "isExported": true,
          "kind": "method",
          "modifiers": [
            "public",
          ],
          "name": "list",
          "signature": "@GET public List<UserDto> list(@QueryParam("limit") int limit)",
          "startLine": 22,
        },
        {
          "endLine": 35,
          "isExported": true,
          "kind": "method",
          "modifiers": [
            "public",
          ],
          "name": "create",
          "signature": "@POST public UserDto create(CreateUserRequest request)",
          "startLine": 31,
        },
        {
          "endLine": 40,
          "isExported": true,
          "kind": "method",
          "modifiers": [
            "public",
          ],
          "name": "promote",
          "signature": "@PATCH public UserDto promote(long id)",
          "startLine": 37,
        },
        {
          "children": [
            {
              "endLine": 48,
              "isExported": true,
              "kind": "method",
              "modifiers": [
                "public",
              ],
              "name": "CreateUserRequest",
              "signature": "public CreateUserRequest",
              "startLine": 43,
            },
          ],
          "endLine": 49,
          "isExported": true,
          "kind": "class",
          "modifiers": [
            "public",
          ],
          "name": "CreateUserRequest",
          "signature": "public record CreateUserRequest(String name, String role)",
          "startLine": 42,
        },
        {
          "children": [
            {
              "endLine": 54,
              "isExported": true,
              "kind": "method",
              "modifiers": [
                "public",
                "static",
              ],
              "name": "from",
              "signature": "public static UserDto from(User user)",
              "startLine": 52,
            },
          ],
          "endLine": 55,
          "isExported": true,
          "kind": "class",
          "modifiers": [
            "public",
          ],
          "name": "UserDto",
          "signature": "public record UserDto(long id, String name, String role, Instant createdAt)",
          "startLine": 51,
        },
      ],
      "endLine": 56,
      "isExported": true,
      "kind": "class",
      "modifiers": [
        "public",
        "final",
      ],
      "name": "UserController",
      "signature": "public final class UserController",
      "startLine": 12,
    },
    {
      "children": [
        {
          "endLine": 59,
          "isExported": false,
          "kind": "method",
          "name": "find",
          "signature": "Optional<U> find(long id)",
          "startLine": 59,
        },
        {
          "endLine": 61,
          "isExported": false,
          "kind": "method",
          "name": "list",
          "signature": "List<U> list()",
          "startLine": 61,
        },
        {
          "endLine": 63,
          "isExported": false,
          "kind": "method",
          "name": "save",
          "signature": "void save(U user)",
          "startLine": 63,
        },
      ],
      "endLine": 64,
      "isExported": false,
      "kind": "interface",
      "name": "UserRepository",
      "signature": "interface UserRepository<U extends User>",
      "startLine": 58,
    },
    {
      "children": [
        {
          "endLine": 67,
          "isExported": false,
          "kind": "property",
          "modifiers": [
            "private",
            "final",
          ],
          "name": "users",
          "signature": "users = new HashMap<>()",
          "startLine": 67,
        },
        {
          "endLine": 72,
          "isExported": true,
          "kind": "method",
          "modifiers": [
            "public",
          ],
          "name": "find",
          "signature": "@Override public Optional<User> find(long id)",
          "startLine": 69,
        },
        {
          "endLine": 77,
          "isExported": true,
          "kind": "method",
          "modifiers": [
            "public",
          ],
          "name": "list",
          "signature": "@Override public List<User> list()",
          "startLine": 74,
        },
        {
          "endLine": 82,
          "isExported": true,
          "kind": "method",
          "modifiers": [
            "public",
          ],
          "name": "save",
          "signature": "@Override public void save(User user)",
          "startLine": 79,
        },
      ],
      "endLine": 83,
      "isExported": false,
      "kind": "class",
      "modifiers": [
        "final",
      ],
      "name": "InMemoryUserRepository",
      "signature": "final class InMemoryUserRepository implements UserRepository<User>",
      "startLine": 66,
    },
    {
      "children": [
        {
          "endLine": 86,
          "isExported": false,
          "kind": "property",
          "modifiers": [
            "private",
            "final",
          ],
          "name": "repository",
          "signature": "repository",
          "startLine": 86,
        },
        {
          "endLine": 87,
          "isExported": false,
          "kind": "property",
          "modifiers": [
            "private",
            "final",
          ],
          "name": "nextId",
          "signature": "nextId = new AtomicLong(1)",
          "startLine": 87,
        },
        {
          "endLine": 91,
          "isExported": true,
          "kind": "method",
          "modifiers": [
            "public",
          ],
          "name": "UserService",
          "signature": "public UserService(UserRepository<User> repository)",
          "startLine": 89,
        },
        {
          "endLine": 97,
          "isExported": true,
          "kind": "method",
          "modifiers": [
            "public",
          ],
          "name": "register",
          "signature": "public User register(String name, String role)",
          "startLine": 93,
        },
        {
          "endLine": 104,
          "isExported": true,
          "kind": "method",
          "modifiers": [
            "public",
          ],
          "name": "promote",
          "signature": "public User promote(long id)",
          "startLine": 99,
        },
        {
          "endLine": 108,
          "isExported": true,
          "kind": "method",
          "modifiers": [
            "public",
          ],
          "name": "all",
          "signature": "public List<User> all()",
          "startLine": 106,
        },
        {
          "children": [
            {
              "endLine": 113,
              "isExported": false,
              "kind": "method",
              "name": "NotFoundException",
              "signature": "NotFoundException(String message)",
              "startLine": 111,
            },
          ],
          "endLine": 114,
          "isExported": false,
          "kind": "class",
          "modifiers": [
            "static",
          ],
          "name": "NotFoundException",
          "signature": "static class NotFoundException extends RuntimeException",
          "startLine": 110,
        },
      ],
      "endLine": 115,
      "isExported": false,
      "kind": "class",
      "name": "UserService",
      "signature": "class UserService",
      "startLine": 85,
    },
    {
      "endLine": 117,
      "isExported": false,
      "kind": "class",
      "name": "User",
      "signature": "record User(long id, String name, String role, Instant createdAt)",
      "startLine": 117,
    },
    {
      "endLine": 119,
      "isExported": false,
      "kind": "interface",
      "name": "GET",
      "signature": "@interface GET",
      "startLine": 119,
    },
    {
      "endLine": 121,
      "isExported": false,
      "kind": "interface",
      "name": "POST",
      "signature": "@interface POST",
      "startLine": 121,
    },
    {
      "endLine": 123,
      "isExported": false,
      "kind": "interface",
      "name": "PATCH",
      "signature": "@interface PATCH",
      "startLine": 123,
    },
    {
      "children": [
        {
          "endLine": 126,
          "isExported": false,
          "kind": "method",
          "name": "value",
          "signature": "String value()",
          "startLine": 126,
        },
      ],
      "endLine": 127,
      "isExported": false,
      "kind": "interface",
      "name": "QueryParam",
      "signature": "@interface QueryParam",
      "startLine": 125,
    },
  ],
  "totalBytes": 3295,
  "totalLines": 128,
}
`;

exports[`Java WASM mapper snapshots > maps simple Java definitions 1`] = `
{
  "detailLevel": "full",
  "imports": [
    "package com.example.simple;",
    "import java.util.List;",
    "import java.util.Objects;",
  ],
  "language": "Java",
  "path": "wasm-java-simple.java",
  "symbols": [
    {
      "children": [
        {
          "endLine": 7,
          "isExported": false,
          "kind": "property",
          "modifiers": [
            "private",
            "final",
          ],
          "name": "name",
          "signature": "name",
          "startLine": 7,
        },
        {
          "endLine": 11,
          "isExported": true,
          "kind": "method",
          "modifiers": [
            "public",
          ],
          "name": "Greeter",
          "signature": "public Greeter(String name)",
          "startLine": 9,
        },
        {
          "endLine": 15,
          "isExported": true,
          "kind": "method",
          "modifiers": [
            "public",
          ],
          "name": "greet",
          "signature": "public String greet()",
          "startLine": 13,
        },
        {
          "endLine": 19,
          "isExported": true,
          "kind": "method",
          "modifiers": [
            "public",
            "static",
          ],
          "name": "shout",
          "signature": "public static String shout(String text)",
          "startLine": 17,
        },
      ],
      "endLine": 20,
      "isExported": true,
      "kind": "class",
      "modifiers": [
        "public",
      ],
      "name": "Greeter",
      "signature": "public class Greeter",
      "startLine": 6,
    },
    {
      "children": [
        {
          "endLine": 23,
          "isExported": false,
          "kind": "method",
          "name": "getName",
          "signature": "String getName()",
          "startLine": 23,
        },
      ],
      "endLine": 24,
      "isExported": false,
      "kind": "interface",
      "name": "Named",
      "signature": "interface Named",
      "startLine": 22,
    },
    {
      "children": [
        {
          "endLine": 27,
          "isExported": false,
          "kind": "constant",
          "name": "RED",
          "signature": "RED",
          "startLine": 27,
        },
        {
          "endLine": 28,
          "isExported": false,
          "kind": "constant",
          "name": "GREEN",
          "signature": "GREEN",
          "startLine": 28,
        },
        {
          "endLine": 29,
          "isExported": false,
          "kind": "constant",
          "name": "BLUE",
          "signature": "BLUE",
          "startLine": 29,
        },
      ],
      "endLine": 30,
      "isExported": false,
      "kind": "enum",
      "name": "Color",
      "signature": "enum Color",
      "startLine": 26,
    },
  ],
  "totalBytes": 446,
  "totalLines": 31,
}
`;
