// Vitest Snapshot v1, https://vitest.dev/guide/snapshot.html

exports[`Rust WASM mapper snapshots > maps generic Rust definitions 1`] = `
{
  "detailLevel": "full",
  "imports": [
    "std::fmt::Debug",
  ],
  "language": "Rust",
  "path": "wasm-rust-generic.rs",
  "symbols": [
    {
      "children": [
        {
          "endLine": 6,
          "isExported": true,
          "kind": "variable",
          "modifiers": [
            "pub",
          ],
          "name": "items",
          "signature": "pub items: Vec<T>",
          "startLine": 6,
        },
        {
          "endLine": 12,
          "isExported": true,
          "kind": "method",
          "modifiers": [
            "pub",
          ],
          "name": "new",
          "signature": "pub fn new() -> Self",
          "startLine": 10,
        },
        {
          "endLine": 16,
          "isExported": true,
          "kind": "method",
          "modifiers": [
            "pub",
          ],
          "name": "push",
          "signature": "pub fn push(&mut self, item: T)",
          "startLine": 14,
        },
        {
          "endLine": 20,
          "isExported": true,
          "kind": "method",
          "modifiers": [
            "pub",
          ],
          "name": "first",
          "signature": "pub fn first(&self) -> Option<T>",
          "startLine": 18,
        },
        {
          "endLine": 34,
          "isExported": false,
          "kind": "method",
          "name": "reduce",
          "signature": "fn reduce(&self, init: usize, f: impl Fn(usize, &T) -> usize) -> usize",
          "startLine": 28,
        },
      ],
      "endLine": 7,
      "isExported": true,
      "kind": "class",
      "modifiers": [
        "pub",
      ],
      "name": "Container",
      "signature": "pub struct Container<T>",
      "startLine": 5,
    },
    {
      "children": [
        {
          "endLine": 24,
          "isExported": false,
          "kind": "method",
          "name": "reduce",
          "signature": "fn reduce(&self, init: U, f: impl Fn(U, &T) -> U) -> U",
          "startLine": 24,
        },
      ],
      "endLine": 25,
      "isExported": true,
      "kind": "interface",
      "modifiers": [
        "pub",
      ],
      "name": "Reducible",
      "signature": "pub trait Reducible<T, U>",
      "startLine": 23,
    },
    {
      "endLine": 39,
      "isExported": true,
      "kind": "function",
      "modifiers": [
        "pub",
      ],
      "name": "longest",
      "signature": "pub fn longest<'a, T: PartialOrd>(a: &'a T, b: &'a T) -> &'a T",
      "startLine": 37,
    },
    {
      "endLine": 45,
      "isExported": true,
      "kind": "function",
      "modifiers": [
        "pub",
      ],
      "name": "print_all",
      "signature": "pub fn print_all<T: Debug>(items: &[T])",
      "startLine": 41,
    },
    {
      "children": [
        {
          "endLine": 48,
          "isExported": true,
          "kind": "variable",
          "modifiers": [
            "pub",
          ],
          "name": "first",
          "signature": "pub first: A",
          "startLine": 48,
        },
        {
          "endLine": 49,
          "isExported": true,
          "kind": "variable",
          "modifiers": [
            "pub",
          ],
          "name": "second",
          "signature": "pub second: B",
          "startLine": 49,
        },
      ],
      "endLine": 50,
      "isExported": true,
      "kind": "class",
      "modifiers": [
        "pub",
      ],
      "name": "Pair",
      "signature": "pub struct Pair<A, B>",
      "startLine": 47,
    },
  ],
  "totalBytes": 992,
  "totalLines": 51,
}
`;

exports[`Rust WASM mapper snapshots > maps nested Rust definitions 1`] = `
{
  "detailLevel": "full",
  "imports": [],
  "language": "Rust",
  "path": "wasm-rust-nested.rs",
  "symbols": [
    {
      "children": [
        {
          "endLine": 29,
          "isExported": true,
          "kind": "class",
          "modifiers": [
            "pub",
          ],
          "name": "inner",
          "signature": "pub mod inner",
          "startLine": 4,
        },
        {
          "endLine": 33,
          "isExported": true,
          "kind": "function",
          "modifiers": [
            "pub",
          ],
          "name": "make_widget",
          "signature": "pub fn make_widget(id: u32) -> inner::Widget",
          "startLine": 31,
        },
      ],
      "endLine": 34,
      "isExported": true,
      "kind": "class",
      "modifiers": [
        "pub",
      ],
      "name": "outer",
      "signature": "pub mod outer",
      "startLine": 3,
    },
    {
      "endLine": 8,
      "isExported": true,
      "kind": "class",
      "modifiers": [
        "pub",
      ],
      "name": "Widget",
      "signature": "pub struct Widget",
      "startLine": 5,
    },
    {
      "endLine": 6,
      "isExported": true,
      "kind": "variable",
      "modifiers": [
        "pub",
      ],
      "name": "id",
      "signature": "pub id: u32",
      "startLine": 6,
    },
    {
      "endLine": 7,
      "isExported": true,
      "kind": "variable",
      "modifiers": [
        "pub",
      ],
      "name": "name",
      "signature": "pub name: String",
      "startLine": 7,
    },
    {
      "endLine": 13,
      "isExported": true,
      "kind": "method",
      "modifiers": [
        "pub",
      ],
      "name": "new",
      "signature": "pub fn new(id: u32, name: String) -> Self",
      "startLine": 11,
    },
    {
      "endLine": 17,
      "isExported": true,
      "kind": "method",
      "modifiers": [
        "pub",
      ],
      "name": "rename",
      "signature": "pub fn rename(&mut self, name: String)",
      "startLine": 15,
    },
    {
      "endLine": 22,
      "isExported": true,
      "kind": "interface",
      "modifiers": [
        "pub",
      ],
      "name": "Describe",
      "signature": "pub trait Describe",
      "startLine": 20,
    },
    {
      "endLine": 21,
      "isExported": false,
      "kind": "method",
      "name": "describe",
      "signature": "fn describe(&self) -> String",
      "startLine": 21,
    },
    {
      "endLine": 27,
      "isExported": false,
      "kind": "method",
      "name": "describe",
      "signature": "fn describe(&self) -> String",
      "startLine": 25,
    },
    {
      "children": [
        {
          "endLine": 37,
          "isExported": false,
          "kind": "method",
          "name": "count",
          "signature": "fn count(&self) -> usize",
          "startLine": 37,
        },
      ],
      "endLine": 38,
      "isExported": true,
      "kind": "interface",
      "modifiers": [
        "pub",
      ],
      "name": "Counter",
      "signature": "pub trait Counter",
      "startLine": 36,
    },
    {
      "children": [
        {
          "endLine": 45,
          "isExported": false,
          "kind": "method",
          "name": "count",
          "signature": "fn count(&self) -> usize",
          "startLine": 43,
        },
      ],
      "endLine": 40,
      "isExported": true,
      "kind": "class",
      "modifiers": [
        "pub",
      ],
      "name": "ZeroCounter",
      "signature": "pub struct ZeroCounter",
      "startLine": 40,
    },
  ],
  "totalBytes": 939,
  "totalLines": 47,
}
`;

exports[`Rust WASM mapper snapshots > maps representative Rust definitions 1`] = `
{
  "detailLevel": "full",
  "imports": [
    "std::collections::HashMap",
    "std::fmt::Debug",
    "std::sync::Arc",
    "super::{User, UserId}",
  ],
  "language": "Rust",
  "path": "wasm-rust-representative.rs",
  "symbols": [
    {
      "endLine": 8,
      "isExported": true,
      "kind": "variable",
      "modifiers": [
        "pub",
      ],
      "name": "DEFAULT_PAGE_SIZE",
      "signature": "pub const DEFAULT_PAGE_SIZE: usize = 25",
      "startLine": 8,
    },
    {
      "endLine": 9,
      "isExported": true,
      "kind": "variable",
      "modifiers": [
        "pub",
      ],
      "name": "MAX_PAGE_SIZE",
      "signature": "pub const MAX_PAGE_SIZE: usize = 100",
      "startLine": 9,
    },
    {
      "endLine": 11,
      "isExported": true,
      "kind": "type",
      "modifiers": [
        "pub",
      ],
      "name": "UserId",
      "signature": "pub type UserId = u64",
      "startLine": 11,
    },
    {
      "children": [
        {
          "endLine": 15,
          "isExported": true,
          "kind": "variable",
          "modifiers": [
            "pub",
          ],
          "name": "id",
          "signature": "pub id: UserId",
          "startLine": 15,
        },
        {
          "endLine": 16,
          "isExported": true,
          "kind": "variable",
          "modifiers": [
            "pub",
          ],
          "name": "name",
          "signature": "pub name: String",
          "startLine": 16,
        },
        {
          "endLine": 17,
          "isExported": true,
          "kind": "variable",
          "modifiers": [
            "pub",
          ],
          "name": "email",
          "signature": "pub email: String",
          "startLine": 17,
        },
        {
          "endLine": 18,
          "isExported": true,
          "kind": "variable",
          "modifiers": [
            "pub",
          ],
          "name": "active",
          "signature": "pub active: bool",
          "startLine": 18,
        },
      ],
      "endLine": 19,
      "isExported": true,
      "kind": "class",
      "modifiers": [
        "pub",
      ],
      "name": "User",
      "signature": "pub struct User",
      "startLine": 14,
    },
    {
      "children": [
        {
          "endLine": 23,
          "isExported": true,
          "kind": "variable",
          "modifiers": [
            "pub",
          ],
          "name": "items",
          "signature": "pub items: Vec<T>",
          "startLine": 23,
        },
        {
          "endLine": 24,
          "isExported": true,
          "kind": "variable",
          "modifiers": [
            "pub",
          ],
          "name": "next_cursor",
          "signature": "pub next_cursor: Option<String>",
          "startLine": 24,
        },
      ],
      "endLine": 25,
      "isExported": true,
      "kind": "class",
      "modifiers": [
        "pub",
      ],
      "name": "Page",
      "signature": "pub struct Page<T>",
      "startLine": 22,
    },
    {
      "children": [
        {
          "endLine": 29,
          "isExported": false,
          "kind": "variable",
          "name": "NotFound",
          "signature": "NotFound(UserId)",
          "startLine": 29,
        },
        {
          "endLine": 30,
          "isExported": false,
          "kind": "variable",
          "name": "Conflict",
          "signature": "Conflict(String)",
          "startLine": 30,
        },
        {
          "endLine": 31,
          "isExported": false,
          "kind": "variable",
          "name": "Backend",
          "signature": "Backend(String)",
          "startLine": 31,
        },
      ],
      "endLine": 32,
      "isExported": true,
      "kind": "enum",
      "modifiers": [
        "pub",
      ],
      "name": "RepoError",
      "signature": "pub enum RepoError",
      "startLine": 28,
    },
    {
      "children": [
        {
          "endLine": 35,
          "isExported": false,
          "kind": "method",
          "name": "find",
          "signature": "fn find(&self, id: UserId) -> Result<User, RepoError>",
          "startLine": 35,
        },
        {
          "endLine": 36,
          "isExported": false,
          "kind": "method",
          "name": "list",
          "signature": "fn list(&self, cursor: Option<String>, limit: usize) -> Result<Page<User>, RepoError>",
          "startLine": 36,
        },
        {
          "endLine": 37,
          "isExported": false,
          "kind": "method",
          "name": "upsert",
          "signature": "fn upsert(&self, user: User) -> Result<User, RepoError>",
          "startLine": 37,
        },
        {
          "endLine": 38,
          "isExported": false,
          "kind": "method",
          "name": "delete",
          "signature": "fn delete(&self, id: UserId) -> Result<(), RepoError>",
          "startLine": 38,
        },
      ],
      "endLine": 39,
      "isExported": true,
      "kind": "interface",
      "modifiers": [
        "pub",
      ],
      "name": "UserRepository",
      "signature": "pub trait UserRepository: Send + Sync",
      "startLine": 34,
    },
    {
      "children": [
        {
          "endLine": 42,
          "isExported": false,
          "kind": "variable",
          "name": "users",
          "signature": "users: HashMap<UserId, User>",
          "startLine": 42,
        },
        {
          "endLine": 48,
          "isExported": true,
          "kind": "method",
          "modifiers": [
            "pub",
          ],
          "name": "new",
          "signature": "pub fn new() -> Self",
          "startLine": 46,
        },
        {
          "endLine": 56,
          "isExported": true,
          "kind": "method",
          "modifiers": [
            "pub",
          ],
          "name": "with_seed",
          "signature": "pub fn with_seed(seed: Vec<User>) -> Self",
          "startLine": 50,
        },
        {
          "endLine": 60,
          "isExported": false,
          "kind": "method",
          "name": "next_id",
          "signature": "fn next_id(&self) -> UserId",
          "startLine": 58,
        },
        {
          "endLine": 69,
          "isExported": false,
          "kind": "method",
          "name": "find",
          "signature": "fn find(&self, id: UserId) -> Result<User, RepoError>",
          "startLine": 64,
        },
        {
          "endLine": 74,
          "isExported": false,
          "kind": "method",
          "name": "list",
          "signature": "fn list(&self, _cursor: Option<String>, limit: usize) -> Result<Page<User>, RepoError>",
          "startLine": 71,
        },
        {
          "endLine": 81,
          "isExported": false,
          "kind": "method",
          "name": "upsert",
          "signature": "fn upsert(&self, mut user: User) -> Result<User, RepoError>",
          "startLine": 76,
        },
        {
          "endLine": 89,
          "isExported": false,
          "kind": "method",
          "name": "delete",
          "signature": "fn delete(&self, id: UserId) -> Result<(), RepoError>",
          "startLine": 83,
        },
      ],
      "endLine": 43,
      "isExported": true,
      "kind": "class",
      "modifiers": [
        "pub",
      ],
      "name": "InMemoryUserRepository",
      "signature": "pub struct InMemoryUserRepository",
      "startLine": 41,
    },
    {
      "children": [
        {
          "endLine": 93,
          "isExported": false,
          "kind": "variable",
          "name": "repo",
          "signature": "repo: Arc<R>",
          "startLine": 93,
        },
        {
          "endLine": 99,
          "isExported": true,
          "kind": "method",
          "modifiers": [
            "pub",
          ],
          "name": "new",
          "signature": "pub fn new(repo: Arc<R>) -> Self",
          "startLine": 97,
        },
        {
          "endLine": 103,
          "isExported": true,
          "kind": "method",
          "modifiers": [
            "async",
            "pub",
          ],
          "name": "get_user",
          "signature": "pub async fn get_user(&self, id: UserId) -> Result<User, RepoError>",
          "startLine": 101,
        },
        {
          "endLine": 108,
          "isExported": true,
          "kind": "method",
          "modifiers": [
            "async",
            "pub",
          ],
          "name": "list_users",
          "signature": "pub async fn list_users(&self, cursor: Option<String>, limit: usize) -> Result<Page<User>, RepoError>",
          "startLine": 105,
        },
        {
          "endLine": 113,
          "isExported": true,
          "kind": "method",
          "modifiers": [
            "async",
            "pub",
          ],
          "name": "register",
          "signature": "pub async fn register(&self, name: String, email: String) -> Result<User, RepoError>",
          "startLine": 110,
        },
        {
          "endLine": 119,
          "isExported": true,
          "kind": "method",
          "modifiers": [
            "async",
            "pub",
          ],
          "name": "deactivate",
          "signature": "pub async fn deactivate(&self, id: UserId) -> Result<User, RepoError>",
          "startLine": 115,
        },
      ],
      "endLine": 94,
      "isExported": true,
      "kind": "class",
      "modifiers": [
        "pub",
      ],
      "name": "UserService",
      "signature": "pub struct UserService<R: UserRepository>",
      "startLine": 92,
    },
    {
      "children": [
        {
          "endLine": 127,
          "isExported": true,
          "kind": "interface",
          "modifiers": [
            "pub",
          ],
          "name": "Notifier",
          "signature": "pub trait Notifier",
          "startLine": 125,
        },
        {
          "endLine": 129,
          "isExported": true,
          "kind": "class",
          "modifiers": [
            "pub",
          ],
          "name": "LogNotifier",
          "signature": "pub struct LogNotifier",
          "startLine": 129,
        },
        {
          "endLine": 139,
          "isExported": true,
          "kind": "function",
          "modifiers": [
            "pub",
          ],
          "name": "welcome_message",
          "signature": "pub fn welcome_message(user_id: UserId) -> String",
          "startLine": 137,
        },
      ],
      "endLine": 140,
      "isExported": true,
      "kind": "class",
      "modifiers": [
        "pub",
      ],
      "name": "notifications",
      "signature": "pub mod notifications",
      "startLine": 122,
    },
    {
      "endLine": 126,
      "isExported": false,
      "kind": "method",
      "name": "notify",
      "signature": "fn notify(&self, user: &User, message: &str)",
      "startLine": 126,
    },
    {
      "endLine": 134,
      "isExported": false,
      "kind": "method",
      "name": "notify",
      "signature": "fn notify(&self, user: &User, message: &str)",
      "startLine": 132,
    },
    {
      "children": [
        {
          "endLine": 145,
          "isExported": true,
          "kind": "function",
          "modifiers": [
            "pub",
          ],
          "name": "clamp",
          "signature": "pub fn clamp<T: PartialOrd>(value: T, lo: T, hi: T) -> T",
          "startLine": 143,
        },
        {
          "endLine": 149,
          "isExported": true,
          "kind": "function",
          "modifiers": [
            "pub",
          ],
          "name": "first_or_default",
          "signature": "pub fn first_or_default<T: Default + Clone>(items: &[T]) -> T",
          "startLine": 147,
        },
      ],
      "endLine": 150,
      "isExported": true,
      "kind": "class",
      "modifiers": [
        "pub",
      ],
      "name": "utils",
      "signature": "pub mod utils",
      "startLine": 142,
    },
    {
      "endLine": 161,
      "isExported": true,
      "kind": "function",
      "modifiers": [
        "pub",
      ],
      "name": "paginate",
      "signature": "pub fn paginate<T: Clone>(items: &[T], page: usize, page_size: usize) -> Page<T>",
      "startLine": 152,
    },
  ],
  "totalBytes": 4215,
  "totalLines": 162,
}
`;

exports[`Rust WASM mapper snapshots > maps simple Rust definitions 1`] = `
{
  "detailLevel": "full",
  "imports": [],
  "language": "Rust",
  "path": "wasm-rust-simple.rs",
  "symbols": [
    {
      "endLine": 3,
      "isExported": true,
      "kind": "variable",
      "modifiers": [
        "pub",
      ],
      "name": "MAX_ITEMS",
      "signature": "pub const MAX_ITEMS: usize = 16",
      "startLine": 3,
    },
    {
      "endLine": 7,
      "isExported": true,
      "kind": "function",
      "modifiers": [
        "pub",
      ],
      "name": "add",
      "signature": "pub fn add(a: i32, b: i32) -> i32",
      "startLine": 5,
    },
    {
      "endLine": 11,
      "isExported": true,
      "kind": "function",
      "modifiers": [
        "pub",
      ],
      "name": "greet",
      "signature": "pub fn greet(name: &str) -> String",
      "startLine": 9,
    },
    {
      "children": [
        {
          "endLine": 14,
          "isExported": true,
          "kind": "variable",
          "modifiers": [
            "pub",
          ],
          "name": "x",
          "signature": "pub x: f64",
          "startLine": 14,
        },
        {
          "endLine": 15,
          "isExported": true,
          "kind": "variable",
          "modifiers": [
            "pub",
          ],
          "name": "y",
          "signature": "pub y: f64",
          "startLine": 15,
        },
      ],
      "endLine": 16,
      "isExported": true,
      "kind": "class",
      "modifiers": [
        "pub",
      ],
      "name": "Point",
      "signature": "pub struct Point",
      "startLine": 13,
    },
    {
      "children": [
        {
          "endLine": 19,
          "isExported": false,
          "kind": "variable",
          "name": "North",
          "signature": "North",
          "startLine": 19,
        },
        {
          "endLine": 20,
          "isExported": false,
          "kind": "variable",
          "name": "South",
          "signature": "South",
          "startLine": 20,
        },
        {
          "endLine": 21,
          "isExported": false,
          "kind": "variable",
          "name": "East",
          "signature": "East",
          "startLine": 21,
        },
        {
          "endLine": 22,
          "isExported": false,
          "kind": "variable",
          "name": "West",
          "signature": "West",
          "startLine": 22,
        },
      ],
      "endLine": 23,
      "isExported": true,
      "kind": "enum",
      "modifiers": [
        "pub",
      ],
      "name": "Direction",
      "signature": "pub enum Direction",
      "startLine": 18,
    },
  ],
  "totalBytes": 325,
  "totalLines": 24,
}
`;
