// Vitest Snapshot v1, https://vitest.dev/guide/snapshot.html

exports[`C++ WASM mapper snapshots > maps generic C++ definitions 1`] = `
{
  "detailLevel": "full",
  "imports": [],
  "language": "C++",
  "path": "wasm-cpp-generic.cpp",
  "symbols": [
    {
      "endLine": 7,
      "isExported": true,
      "kind": "function",
      "modifiers": [
        "export",
      ],
      "name": "identity",
      "signature": "template <typename T> T identity(T value)",
      "startLine": 5,
    },
    {
      "children": [
        {
          "endLine": 11,
          "isExported": true,
          "kind": "variable",
          "modifiers": [
            "export",
          ],
          "name": "first",
          "signature": "A first",
          "startLine": 11,
        },
        {
          "endLine": 12,
          "isExported": true,
          "kind": "variable",
          "modifiers": [
            "export",
          ],
          "name": "second",
          "signature": "B second",
          "startLine": 12,
        },
      ],
      "endLine": 13,
      "isExported": true,
      "kind": "class",
      "modifiers": [
        "export",
      ],
      "name": "Pair",
      "signature": "template <typename A, typename B> struct Pair",
      "startLine": 10,
    },
    {
      "endLine": 23,
      "isExported": true,
      "kind": "class",
      "modifiers": [
        "export",
      ],
      "name": "Box",
      "signature": "template <typename T> class Box",
      "startLine": 16,
    },
    {
      "endLine": 26,
      "isExported": true,
      "kind": "function",
      "modifiers": [
        "export",
      ],
      "name": "Box",
      "signature": "template <typename T> Box<T>::Box(T value) : value_(value)",
      "startLine": 26,
    },
    {
      "endLine": 31,
      "isExported": true,
      "kind": "function",
      "modifiers": [
        "export",
      ],
      "name": "get",
      "signature": "template <typename T> T Box<T>::get() const",
      "startLine": 29,
    },
    {
      "children": [
        {
          "endLine": 36,
          "isExported": true,
          "kind": "method",
          "modifiers": [
            "export",
          ],
          "name": "Box",
          "signature": "explicit Box(bool value) : value_(value)",
          "startLine": 36,
        },
        {
          "endLine": 37,
          "isExported": true,
          "kind": "method",
          "modifiers": [
            "export",
          ],
          "name": "get",
          "signature": "bool get() const",
          "startLine": 37,
        },
        {
          "endLine": 40,
          "isExported": false,
          "kind": "variable",
          "name": "value_",
          "signature": "bool value_",
          "startLine": 40,
        },
      ],
      "endLine": 41,
      "isExported": true,
      "kind": "class",
      "modifiers": [
        "export",
      ],
      "name": "Box<bool>",
      "signature": "template <> class Box<bool>",
      "startLine": 34,
    },
    {
      "endLine": 44,
      "isExported": true,
      "kind": "type",
      "modifiers": [
        "export",
      ],
      "name": "Vec",
      "signature": "template <typename T> using Vec = std::vector<T>",
      "startLine": 44,
    },
    {
      "endLine": 46,
      "isExported": true,
      "kind": "type",
      "modifiers": [
        "export",
      ],
      "name": "Pair",
      "signature": "typedef Pair<int, int> IntPair",
      "startLine": 46,
    },
  ],
  "totalBytes": 668,
  "totalLines": 47,
}
`;

exports[`C++ WASM mapper snapshots > maps nested C++ definitions 1`] = `
{
  "detailLevel": "full",
  "imports": [],
  "language": "C++",
  "path": "wasm-cpp-nested.cpp",
  "symbols": [
    {
      "children": [
        {
          "endLine": 22,
          "isExported": true,
          "kind": "class",
          "modifiers": [
            "export",
          ],
          "name": "Container",
          "signature": "class Container",
          "startLine": 6,
        },
        {
          "endLine": 49,
          "isExported": true,
          "kind": "class",
          "modifiers": [
            "export",
          ],
          "name": "inner",
          "signature": "namespace inner",
          "startLine": 35,
        },
      ],
      "endLine": 51,
      "isExported": true,
      "kind": "class",
      "modifiers": [
        "export",
      ],
      "name": "outer",
      "signature": "namespace outer",
      "startLine": 4,
    },
    {
      "endLine": 8,
      "isExported": true,
      "kind": "method",
      "modifiers": [
        "export",
      ],
      "name": "Container",
      "signature": "Container()",
      "startLine": 8,
    },
    {
      "endLine": 9,
      "isExported": true,
      "kind": "method",
      "modifiers": [
        "export",
      ],
      "name": "~Container",
      "signature": "~Container()",
      "startLine": 9,
    },
    {
      "endLine": 11,
      "isExported": true,
      "kind": "method",
      "modifiers": [
        "export",
      ],
      "name": "add",
      "signature": "void add(int value)",
      "startLine": 11,
    },
    {
      "endLine": 12,
      "isExported": true,
      "kind": "method",
      "modifiers": [
        "export",
      ],
      "name": "size",
      "signature": "int size() const",
      "startLine": 12,
    },
    {
      "endLine": 18,
      "isExported": false,
      "kind": "variable",
      "name": "next",
      "signature": "struct Node",
      "startLine": 15,
    },
    {
      "endLine": 18,
      "isExported": false,
      "kind": "variable",
      "name": "value",
      "signature": "struct Node",
      "startLine": 15,
    },
    {
      "endLine": 20,
      "isExported": false,
      "kind": "variable",
      "name": "head_",
      "signature": "Node* head_",
      "startLine": 20,
    },
    {
      "endLine": 21,
      "isExported": false,
      "kind": "variable",
      "name": "count_",
      "signature": "int count_",
      "startLine": 21,
    },
    {
      "endLine": 24,
      "isExported": true,
      "kind": "method",
      "modifiers": [
        "export",
      ],
      "name": "Container",
      "signature": "Container::Container() : head_(nullptr), count_(0)",
      "startLine": 24,
    },
    {
      "endLine": 25,
      "isExported": true,
      "kind": "method",
      "modifiers": [
        "export",
      ],
      "name": "~Container",
      "signature": "Container::~Container()",
      "startLine": 25,
    },
    {
      "endLine": 29,
      "isExported": true,
      "kind": "method",
      "modifiers": [
        "export",
      ],
      "name": "add",
      "signature": "void Container::add(int value)",
      "startLine": 27,
    },
    {
      "endLine": 33,
      "isExported": true,
      "kind": "method",
      "modifiers": [
        "export",
      ],
      "name": "size",
      "signature": "int Container::size() const",
      "startLine": 31,
    },
    {
      "endLine": 43,
      "isExported": true,
      "kind": "class",
      "modifiers": [
        "export",
      ],
      "name": "Helper",
      "signature": "class Helper",
      "startLine": 37,
    },
    {
      "endLine": 39,
      "isExported": true,
      "kind": "method",
      "modifiers": [
        "export",
      ],
      "name": "format",
      "signature": "static std::string format(int value)",
      "startLine": 39,
    },
    {
      "endLine": 42,
      "isExported": false,
      "kind": "variable",
      "name": "helperValue_",
      "signature": "int helperValue_",
      "startLine": 42,
    },
    {
      "endLine": 47,
      "isExported": true,
      "kind": "method",
      "modifiers": [
        "export",
      ],
      "name": "format",
      "signature": "std::string Helper::format(int value)",
      "startLine": 45,
    },
  ],
  "totalBytes": 705,
  "totalLines": 52,
}
`;

exports[`C++ WASM mapper snapshots > maps representative C++ definitions 1`] = `
{
  "detailLevel": "full",
  "imports": [],
  "language": "C++",
  "path": "wasm-cpp-representative.cpp",
  "symbols": [
    {
      "children": [
        {
          "endLine": 13,
          "isExported": true,
          "kind": "type",
          "modifiers": [
            "export",
          ],
          "name": "UserId",
          "signature": "using UserId = std::int64_t",
          "startLine": 13,
        },
        {
          "endLine": 19,
          "isExported": true,
          "kind": "enum",
          "modifiers": [
            "export",
          ],
          "name": "Role",
          "signature": "enum class Role",
          "startLine": 15,
        },
        {
          "endLine": 25,
          "isExported": true,
          "kind": "class",
          "modifiers": [
            "export",
          ],
          "name": "User",
          "signature": "struct User",
          "startLine": 21,
        },
        {
          "endLine": 31,
          "isExported": true,
          "kind": "class",
          "modifiers": [
            "export",
          ],
          "name": "NotFoundError",
          "signature": "class NotFoundError : public std::runtime_error",
          "startLine": 27,
        },
        {
          "endLine": 40,
          "isExported": true,
          "kind": "class",
          "modifiers": [
            "export",
          ],
          "name": "Repository",
          "signature": "template <typename T> class Repository",
          "startLine": 34,
        },
        {
          "endLine": 53,
          "isExported": true,
          "kind": "class",
          "modifiers": [
            "export",
          ],
          "name": "InMemoryUserRepository",
          "signature": "class InMemoryUserRepository : public Repository<User>",
          "startLine": 42,
        },
        {
          "endLine": 93,
          "isExported": true,
          "kind": "class",
          "modifiers": [
            "export",
          ],
          "name": "UserService",
          "signature": "template <typename Repo> class UserService",
          "startLine": 80,
        },
        {
          "endLine": 145,
          "isExported": true,
          "kind": "class",
          "modifiers": [
            "export",
          ],
          "name": "util",
          "signature": "namespace util",
          "startLine": 128,
        },
      ],
      "endLine": 147,
      "isExported": true,
      "kind": "class",
      "modifiers": [
        "export",
      ],
      "name": "service",
      "signature": "namespace service",
      "startLine": 8,
    },
    {
      "endLine": 18,
      "isExported": false,
      "kind": "variable",
      "name": "Admin",
      "signature": "Admin",
      "startLine": 18,
    },
    {
      "endLine": 17,
      "isExported": false,
      "kind": "variable",
      "name": "Member",
      "signature": "Member",
      "startLine": 17,
    },
    {
      "endLine": 16,
      "isExported": false,
      "kind": "variable",
      "name": "Guest",
      "signature": "Guest",
      "startLine": 16,
    },
    {
      "endLine": 22,
      "isExported": true,
      "kind": "variable",
      "modifiers": [
        "export",
      ],
      "name": "id",
      "signature": "UserId id",
      "startLine": 22,
    },
    {
      "endLine": 23,
      "isExported": true,
      "kind": "variable",
      "modifiers": [
        "export",
      ],
      "name": "name",
      "signature": "std::string name",
      "startLine": 23,
    },
    {
      "endLine": 24,
      "isExported": true,
      "kind": "variable",
      "modifiers": [
        "export",
      ],
      "name": "role",
      "signature": "Role role",
      "startLine": 24,
    },
    {
      "endLine": 30,
      "isExported": true,
      "kind": "method",
      "modifiers": [
        "export",
      ],
      "name": "NotFoundError",
      "signature": "explicit NotFoundError(const std::string& what) : std::runtime_error(what)",
      "startLine": 29,
    },
    {
      "endLine": 36,
      "isExported": true,
      "kind": "method",
      "modifiers": [
        "export",
      ],
      "name": "~Repository",
      "signature": "virtual ~Repository() = default",
      "startLine": 36,
    },
    {
      "endLine": 37,
      "isExported": true,
      "kind": "method",
      "modifiers": [
        "export",
      ],
      "name": "find",
      "signature": "virtual std::optional<T> find(UserId id) const = 0",
      "startLine": 37,
    },
    {
      "endLine": 38,
      "isExported": true,
      "kind": "method",
      "modifiers": [
        "export",
      ],
      "name": "save",
      "signature": "virtual void save(const T& entity) = 0",
      "startLine": 38,
    },
    {
      "endLine": 39,
      "isExported": true,
      "kind": "method",
      "modifiers": [
        "export",
      ],
      "name": "list",
      "signature": "virtual std::vector<T> list() const = 0",
      "startLine": 39,
    },
    {
      "endLine": 44,
      "isExported": true,
      "kind": "method",
      "modifiers": [
        "export",
      ],
      "name": "InMemoryUserRepository",
      "signature": "InMemoryUserRepository()",
      "startLine": 44,
    },
    {
      "endLine": 45,
      "isExported": true,
      "kind": "method",
      "modifiers": [
        "export",
      ],
      "name": "~InMemoryUserRepository",
      "signature": "~InMemoryUserRepository() override",
      "startLine": 45,
    },
    {
      "endLine": 47,
      "isExported": true,
      "kind": "method",
      "modifiers": [
        "export",
      ],
      "name": "find",
      "signature": "std::optional<User> find(UserId id) const override",
      "startLine": 47,
    },
    {
      "endLine": 48,
      "isExported": true,
      "kind": "method",
      "modifiers": [
        "export",
      ],
      "name": "save",
      "signature": "void save(const User& entity) override",
      "startLine": 48,
    },
    {
      "endLine": 49,
      "isExported": true,
      "kind": "method",
      "modifiers": [
        "export",
      ],
      "name": "list",
      "signature": "std::vector<User> list() const override",
      "startLine": 49,
    },
    {
      "endLine": 52,
      "isExported": false,
      "kind": "variable",
      "name": "users_",
      "signature": "std::unordered_map<UserId, User> users_",
      "startLine": 52,
    },
    {
      "endLine": 55,
      "isExported": true,
      "kind": "method",
      "modifiers": [
        "export",
      ],
      "name": "InMemoryUserRepository",
      "signature": "InMemoryUserRepository::InMemoryUserRepository() = default",
      "startLine": 55,
    },
    {
      "endLine": 56,
      "isExported": true,
      "kind": "method",
      "modifiers": [
        "export",
      ],
      "name": "~InMemoryUserRepository",
      "signature": "InMemoryUserRepository::~InMemoryUserRepository() = default",
      "startLine": 56,
    },
    {
      "endLine": 64,
      "isExported": true,
      "kind": "method",
      "modifiers": [
        "export",
      ],
      "name": "find",
      "signature": "std::optional<User> InMemoryUserRepository::find(UserId id) const",
      "startLine": 58,
    },
    {
      "endLine": 68,
      "isExported": true,
      "kind": "method",
      "modifiers": [
        "export",
      ],
      "name": "save",
      "signature": "void InMemoryUserRepository::save(const User& entity)",
      "startLine": 66,
    },
    {
      "endLine": 77,
      "isExported": true,
      "kind": "method",
      "modifiers": [
        "export",
      ],
      "name": "list",
      "signature": "std::vector<User> InMemoryUserRepository::list() const",
      "startLine": 70,
    },
    {
      "endLine": 82,
      "isExported": true,
      "kind": "method",
      "modifiers": [
        "export",
      ],
      "name": "UserService",
      "signature": "explicit UserService(std::shared_ptr<Repo> repo)",
      "startLine": 82,
    },
    {
      "endLine": 84,
      "isExported": true,
      "kind": "method",
      "modifiers": [
        "export",
      ],
      "name": "register_user",
      "signature": "User register_user(const std::string& name, Role role)",
      "startLine": 84,
    },
    {
      "endLine": 85,
      "isExported": true,
      "kind": "method",
      "modifiers": [
        "export",
      ],
      "name": "promote",
      "signature": "User promote(UserId id)",
      "startLine": 85,
    },
    {
      "endLine": 86,
      "isExported": true,
      "kind": "method",
      "modifiers": [
        "export",
      ],
      "name": "all",
      "signature": "std::vector<User> all() const",
      "startLine": 86,
    },
    {
      "endLine": 89,
      "isExported": false,
      "kind": "method",
      "name": "next_id",
      "signature": "UserId next_id()",
      "startLine": 89,
    },
    {
      "endLine": 91,
      "isExported": false,
      "kind": "variable",
      "name": "repo_",
      "signature": "std::shared_ptr<Repo> repo_",
      "startLine": 91,
    },
    {
      "endLine": 92,
      "isExported": false,
      "kind": "variable",
      "name": "next_id_",
      "signature": "UserId next_id_",
      "startLine": 92,
    },
    {
      "endLine": 97,
      "isExported": true,
      "kind": "function",
      "modifiers": [
        "export",
      ],
      "name": "UserService",
      "signature": "template <typename Repo> UserService<Repo>::UserService(std::shared_ptr<Repo> repo) : repo_(std::move(repo)), next_id_(1)",
      "startLine": 96,
    },
    {
      "endLine": 104,
      "isExported": true,
      "kind": "function",
      "modifiers": [
        "export",
      ],
      "name": "register_user",
      "signature": "template <typename Repo> User UserService<Repo>::register_user(const std::string& name, Role role)",
      "startLine": 100,
    },
    {
      "endLine": 116,
      "isExported": true,
      "kind": "function",
      "modifiers": [
        "export",
      ],
      "name": "promote",
      "signature": "template <typename Repo> User UserService<Repo>::promote(UserId id)",
      "startLine": 107,
    },
    {
      "endLine": 121,
      "isExported": true,
      "kind": "function",
      "modifiers": [
        "export",
      ],
      "name": "all",
      "signature": "template <typename Repo> std::vector<User> UserService<Repo>::all() const",
      "startLine": 119,
    },
    {
      "endLine": 126,
      "isExported": true,
      "kind": "function",
      "modifiers": [
        "export",
      ],
      "name": "next_id",
      "signature": "template <typename Repo> UserId UserService<Repo>::next_id()",
      "startLine": 124,
    },
    {
      "endLine": 140,
      "isExported": true,
      "kind": "function",
      "modifiers": [
        "export",
      ],
      "name": "role_to_string",
      "signature": "std::string role_to_string(Role role)",
      "startLine": 130,
    },
    {
      "endLine": 142,
      "isExported": true,
      "kind": "type",
      "modifiers": [
        "export",
      ],
      "name": "UserMap",
      "signature": "using UserMap = std::unordered_map<UserId, User>",
      "startLine": 142,
    },
    {
      "endLine": 143,
      "isExported": true,
      "kind": "type",
      "modifiers": [
        "export",
      ],
      "name": "vector",
      "signature": "typedef std::vector<User> UserList",
      "startLine": 143,
    },
  ],
  "totalBytes": 3271,
  "totalLines": 148,
}
`;

exports[`C++ WASM mapper snapshots > maps simple C++ definitions 1`] = `
{
  "detailLevel": "full",
  "imports": [],
  "language": "C++",
  "path": "wasm-cpp-simple.cpp",
  "symbols": [
    {
      "endLine": 7,
      "isExported": true,
      "kind": "function",
      "modifiers": [
        "export",
      ],
      "name": "add",
      "signature": "int add(int a, int b)",
      "startLine": 5,
    },
    {
      "endLine": 11,
      "isExported": true,
      "kind": "function",
      "modifiers": [
        "export",
      ],
      "name": "scale",
      "signature": "double scale(double value, double factor)",
      "startLine": 9,
    },
    {
      "children": [
        {
          "endLine": 14,
          "isExported": true,
          "kind": "variable",
          "modifiers": [
            "export",
          ],
          "name": "x",
          "signature": "int x",
          "startLine": 14,
        },
        {
          "endLine": 15,
          "isExported": true,
          "kind": "variable",
          "modifiers": [
            "export",
          ],
          "name": "y",
          "signature": "int y",
          "startLine": 15,
        },
      ],
      "endLine": 16,
      "isExported": true,
      "kind": "class",
      "modifiers": [
        "export",
      ],
      "name": "Point",
      "signature": "struct Point",
      "startLine": 13,
    },
    {
      "children": [
        {
          "endLine": 21,
          "isExported": false,
          "kind": "variable",
          "name": "Blue",
          "signature": "Blue",
          "startLine": 21,
        },
        {
          "endLine": 20,
          "isExported": false,
          "kind": "variable",
          "name": "Green",
          "signature": "Green",
          "startLine": 20,
        },
        {
          "endLine": 19,
          "isExported": false,
          "kind": "variable",
          "name": "Red",
          "signature": "Red",
          "startLine": 19,
        },
      ],
      "endLine": 22,
      "isExported": true,
      "kind": "enum",
      "modifiers": [
        "export",
      ],
      "name": "Color",
      "signature": "enum class Color",
      "startLine": 18,
    },
    {
      "endLine": 26,
      "isExported": true,
      "kind": "function",
      "modifiers": [
        "export",
      ],
      "name": "greet",
      "signature": "std::string greet(const std::string& name)",
      "startLine": 24,
    },
  ],
  "totalBytes": 339,
  "totalLines": 27,
}
`;
